// Jest Snapshot v1, https://goo.gl/fbAQLP

exports[`<Title /> Match SnapShot 1`] = `
<Text
  numberOfLines={3}
  style={
    Object {
      "color": "#000000",
      "fontSize": 22,
    }
  }
/>
`;
